  FileName.cpp
C:\Users\faith\source\repos\HanoiTower_2023111451이주아\HanoiTower_2023111451이주아\FileName.cpp(22,13): warning C4566: character represented by universal-character-name '\uC6D0' cannot be represented in the current code page (1252)
C:\Users\faith\source\repos\HanoiTower_2023111451이주아\HanoiTower_2023111451이주아\FileName.cpp(22,13): warning C4566: character represented by universal-character-name '\uBC18' cannot be represented in the current code page (1252)
C:\Users\faith\source\repos\HanoiTower_2023111451이주아\HanoiTower_2023111451이주아\FileName.cpp(22,13): warning C4566: character represented by universal-character-name '\uC758' cannot be represented in the current code page (1252)
C:\Users\faith\source\repos\HanoiTower_2023111451이주아\HanoiTower_2023111451이주아\FileName.cpp(22,13): warning C4566: character represented by universal-character-name '\uAC2F' cannot be represented in the current code page (1252)
C:\Users\faith\source\repos\HanoiTower_2023111451이주아\HanoiTower_2023111451이주아\FileName.cpp(22,13): warning C4566: character represented by universal-character-name '\uC218' cannot be represented in the current code page (1252)
C:\Users\faith\source\repos\HanoiTower_2023111451이주아\HanoiTower_2023111451이주아\FileName.cpp(22,13): warning C4566: character represented by universal-character-name '\uB97C' cannot be represented in the current code page (1252)
C:\Users\faith\source\repos\HanoiTower_2023111451이주아\HanoiTower_2023111451이주아\FileName.cpp(22,13): warning C4566: character represented by universal-character-name '\uC785' cannot be represented in the current code page (1252)
C:\Users\faith\source\repos\HanoiTower_2023111451이주아\HanoiTower_2023111451이주아\FileName.cpp(22,13): warning C4566: character represented by universal-character-name '\uB825' cannot be represented in the current code page (1252)
C:\Users\faith\source\repos\HanoiTower_2023111451이주아\HanoiTower_2023111451이주아\FileName.cpp(22,13): warning C4566: character represented by universal-character-name '\uD558' cannot be represented in the current code page (1252)
C:\Users\faith\source\repos\HanoiTower_2023111451이주아\HanoiTower_2023111451이주아\FileName.cpp(22,13): warning C4566: character represented by universal-character-name '\uC138' cannot be represented in the current code page (1252)
C:\Users\faith\source\repos\HanoiTower_2023111451이주아\HanoiTower_2023111451이주아\FileName.cpp(22,13): warning C4566: character represented by universal-character-name '\uC694' cannot be represented in the current code page (1252)
C:\Users\faith\source\repos\HanoiTower_2023111451이주아\HanoiTower_2023111451이주아\FileName.cpp(27,13): warning C4566: character represented by universal-character-name '\uC804' cannot be represented in the current code page (1252)
C:\Users\faith\source\repos\HanoiTower_2023111451이주아\HanoiTower_2023111451이주아\FileName.cpp(27,13): warning C4566: character represented by universal-character-name '\uCCB4' cannot be represented in the current code page (1252)
C:\Users\faith\source\repos\HanoiTower_2023111451이주아\HanoiTower_2023111451이주아\FileName.cpp(27,13): warning C4566: character represented by universal-character-name '\uC6D0' cannot be represented in the current code page (1252)
C:\Users\faith\source\repos\HanoiTower_2023111451이주아\HanoiTower_2023111451이주아\FileName.cpp(27,13): warning C4566: character represented by universal-character-name '\uBC18' cannot be represented in the current code page (1252)
C:\Users\faith\source\repos\HanoiTower_2023111451이주아\HanoiTower_2023111451이주아\FileName.cpp(27,13): warning C4566: character represented by universal-character-name '\uC774' cannot be represented in the current code page (1252)
C:\Users\faith\source\repos\HanoiTower_2023111451이주아\HanoiTower_2023111451이주아\FileName.cpp(27,13): warning C4566: character represented by universal-character-name '\uB3D9' cannot be represented in the current code page (1252)
C:\Users\faith\source\repos\HanoiTower_2023111451이주아\HanoiTower_2023111451이주아\FileName.cpp(27,13): warning C4566: character represented by universal-character-name '\uC218' cannot be represented in the current code page (1252)
  HanoiTower_2023111451이주아.vcxproj -> C:\Users\faith\source\repos\HanoiTower_2023111451이주아\x64\Debug\HanoiTower_2023111451이주아.exe
